// Jest Snapshot v1, https://goo.gl/fbAQLP

exports[`matches snapshot 1`] = `
<div
  className="container"
>
  <div
    className="base-container"
    style={
      Object {
        "alignItems": "center",
        "display": "flex",
        "flexDirection": "column",
        "marginTop": "90px",
      }
    }
  >
    <div
      className="card shadow"
      style={
        Object {
          "borderRadius": "20px",
          "height": "40rem",
          "width": "30rem",
        }
      }
    >
      <div
        className="content"
      >
        <div
          className="image"
          style={
            Object {
              "marginLeft": "25%",
              "marginTop": "40px",
            }
          }
        >
          <img
            alt="logo"
            src="signup.png"
          />
        </div>
        <form
          onSubmit={[Function]}
          style={
            Object {
              "fontFamily": "cursive",
              "marginLeft": "20%",
              "marginTop": "20px",
              "width": "60%",
            }
          }
        >
          <div
            className="form-group"
          >
            <label
              htmlFor="exampleInputEmail1"
            >
              Email address
            </label>
            <input
              className="form-control"
              id="email"
              onChange={[Function]}
              placeholder="Enter email"
              required={true}
              type="email"
              value=""
            />
          </div>
          <div
            className="form-group"
          >
            <label
              htmlFor="exampleInputName"
            >
              Name
            </label>
            <input
              className="form-control"
              id="name"
              onChange={[Function]}
              placeholder="Enter name"
              required={true}
              type="name"
              value=""
            />
          </div>
          <div
            className="form-group mt-4 mb-5"
          >
            <label
              htmlFor="exampleInputPassword1"
            >
              Password
            </label>
            <input
              className="form-control"
              id="password"
              onChange={[Function]}
              placeholder="Password"
              required={true}
              type="password"
              value=""
            />
          </div>
          <button
            className="btn btn-success  shadow"
            data-testid="button"
            type="submit"
          >
            Sign Up
          </button>
        </form>
      </div>
      <div
        className="right-side"
      >
        <div
          className="inner-container"
        >
          <div
            className="text"
          >
            Sign Up
          </div>
        </div>
      </div>
    </div>
  </div>
</div>
`;
