// Jest Snapshot v1, https://goo.gl/fbAQLP

exports[`matches snapshot 1`] = `
<div>
  <img
    alt="Loadng..."
    src="spinner.gif"
    style={
      Object {
        "display": "block",
        "justifyContent": "center",
        "margin": "auto",
        "width": "200px",
      }
    }
  />
</div>
`;
